// Jest Snapshot v1, https://goo.gl/fbAQLP

exports[`Screen: Landing should render properly 1`] = `[Function]`;
