// Jest Snapshot v1, https://goo.gl/fbAQLP

exports[`Component: IconButton should render a CategoryButton 1`] = `[Function]`;
