// Jest Snapshot v1, https://goo.gl/fbAQLP

exports[`Component: SuccessMessage should render properly 1`] = `
<View
  style={
    {
      "alignContent": "center",
      "flex": 1,
      "justifyContent": "center",
    }
  }
>
  <Text
    style={
      {
        "color": "#769a8e",
        "fontSize": 50,
        "textAlign": "center",
      }
    }
  >
    Correct!
  </Text>
  <Text
    style={
      {
        "color": "#769a8e",
        "fontSize": 50,
        "textAlign": "center",
      }
    }
  >
    Congratulations
  </Text>
  <Text
    style={
      {
        "color": "#769a8e",
        "fontSize": 50,
        "textAlign": "center",
      }
    }
  >
    
You earn 99
points
  </Text>
</View>
`;
