// Jest Snapshot v1, https://goo.gl/fbAQLP

exports[`Screen: Landing should render properly 1`] = `
<RCTSafeAreaView
  style={
    {
      "flex": 1,
      "justifyContent": "space-between",
      "marginHorizontal": "5%",
    }
  }
>
  <Text
    style={
      {
        "backgroundColor": "#dce7f9",
        "borderColor": "#a2b4cc",
        "borderWidth": 1,
        "fontSize": 50,
        "textAlign": "center",
      }
    }
  >
    1/1
  </Text>
  <View
    style={
      {
        "flex": 0.8,
        "justifyContent": "space-around",
      }
    }
  >
    <View
      style={
        {
          "alignContent": "center",
          "flex": 1,
          "flexDirection": "row",
          "flexWrap": "wrap",
          "justifyContent": "center",
          "rowGap": 10,
        }
      }
    >
      <View
        accessibilityState={
          {
            "busy": undefined,
            "checked": undefined,
            "disabled": undefined,
            "expanded": undefined,
            "selected": undefined,
          }
        }
        accessibilityValue={
          {
            "max": undefined,
            "min": undefined,
            "now": undefined,
            "text": undefined,
          }
        }
        accessible={true}
        collapsable={false}
        focusable={true}
        onClick={[Function]}
        onResponderGrant={[Function]}
        onResponderMove={[Function]}
        onResponderRelease={[Function]}
        onResponderTerminate={[Function]}
        onResponderTerminationRequest={[Function]}
        onStartShouldSetResponder={[Function]}
        style={
          {
            "alignItems": "center",
            "borderColor": "black",
            "borderRadius": 5,
            "borderWidth": 1,
            "height": 45,
            "justifyContent": "center",
            "marginRight": 20,
            "opacity": 1,
            "width": 45,
          }
        }
        testID="category-button-S"
      >
        <Text>
          S
        </Text>
      </View>
      <View
        accessibilityState={
          {
            "busy": undefined,
            "checked": undefined,
            "disabled": undefined,
            "expanded": undefined,
            "selected": undefined,
          }
        }
        accessibilityValue={
          {
            "max": undefined,
            "min": undefined,
            "now": undefined,
            "text": undefined,
          }
        }
        accessible={true}
        collapsable={false}
        focusable={true}
        onClick={[Function]}
        onResponderGrant={[Function]}
        onResponderMove={[Function]}
        onResponderRelease={[Function]}
        onResponderTerminate={[Function]}
        onResponderTerminationRequest={[Function]}
        onStartShouldSetResponder={[Function]}
        style={
          {
            "alignItems": "center",
            "borderColor": "black",
            "borderRadius": 5,
            "borderWidth": 1,
            "height": 45,
            "justifyContent": "center",
            "marginRight": 20,
            "opacity": 1,
            "width": 45,
          }
        }
        testID="category-button-I"
      >
        <Text>
          I
        </Text>
      </View>
      <View
        accessibilityState={
          {
            "busy": undefined,
            "checked": undefined,
            "disabled": undefined,
            "expanded": undefined,
            "selected": undefined,
          }
        }
        accessibilityValue={
          {
            "max": undefined,
            "min": undefined,
            "now": undefined,
            "text": undefined,
          }
        }
        accessible={true}
        collapsable={false}
        focusable={true}
        onClick={[Function]}
        onResponderGrant={[Function]}
        onResponderMove={[Function]}
        onResponderRelease={[Function]}
        onResponderTerminate={[Function]}
        onResponderTerminationRequest={[Function]}
        onStartShouldSetResponder={[Function]}
        style={
          {
            "alignItems": "center",
            "borderColor": "black",
            "borderRadius": 5,
            "borderWidth": 1,
            "height": 45,
            "justifyContent": "center",
            "marginRight": 20,
            "opacity": 1,
            "width": 45,
          }
        }
        testID="category-button-N"
      >
        <Text>
          N
        </Text>
      </View>
      <View
        accessibilityState={
          {
            "busy": undefined,
            "checked": undefined,
            "disabled": undefined,
            "expanded": undefined,
            "selected": undefined,
          }
        }
        accessibilityValue={
          {
            "max": undefined,
            "min": undefined,
            "now": undefined,
            "text": undefined,
          }
        }
        accessible={true}
        collapsable={false}
        focusable={true}
        onClick={[Function]}
        onResponderGrant={[Function]}
        onResponderMove={[Function]}
        onResponderRelease={[Function]}
        onResponderTerminate={[Function]}
        onResponderTerminationRequest={[Function]}
        onStartShouldSetResponder={[Function]}
        style={
          {
            "alignItems": "center",
            "borderColor": "black",
            "borderRadius": 5,
            "borderWidth": 1,
            "height": 45,
            "justifyContent": "center",
            "marginRight": 20,
            "opacity": 1,
            "width": 45,
          }
        }
        testID="category-button-G"
      >
        <Text>
          G
        </Text>
      </View>
      <View
        accessibilityState={
          {
            "busy": undefined,
            "checked": undefined,
            "disabled": undefined,
            "expanded": undefined,
            "selected": undefined,
          }
        }
        accessibilityValue={
          {
            "max": undefined,
            "min": undefined,
            "now": undefined,
            "text": undefined,
          }
        }
        accessible={true}
        collapsable={false}
        focusable={true}
        onClick={[Function]}
        onResponderGrant={[Function]}
        onResponderMove={[Function]}
        onResponderRelease={[Function]}
        onResponderTerminate={[Function]}
        onResponderTerminationRequest={[Function]}
        onStartShouldSetResponder={[Function]}
        style={
          {
            "alignItems": "center",
            "borderColor": "black",
            "borderRadius": 5,
            "borderWidth": 1,
            "height": 45,
            "justifyContent": "center",
            "marginRight": 20,
            "opacity": 1,
            "width": 45,
          }
        }
        testID="category-button-A"
      >
        <Text>
          A
        </Text>
      </View>
      <View
        accessibilityState={
          {
            "busy": undefined,
            "checked": undefined,
            "disabled": undefined,
            "expanded": undefined,
            "selected": undefined,
          }
        }
        accessibilityValue={
          {
            "max": undefined,
            "min": undefined,
            "now": undefined,
            "text": undefined,
          }
        }
        accessible={true}
        collapsable={false}
        focusable={true}
        onClick={[Function]}
        onResponderGrant={[Function]}
        onResponderMove={[Function]}
        onResponderRelease={[Function]}
        onResponderTerminate={[Function]}
        onResponderTerminationRequest={[Function]}
        onStartShouldSetResponder={[Function]}
        style={
          {
            "alignItems": "center",
            "borderColor": "black",
            "borderRadius": 5,
            "borderWidth": 1,
            "height": 45,
            "justifyContent": "center",
            "marginRight": 20,
            "opacity": 1,
            "width": 45,
          }
        }
        testID="category-button-P"
      >
        <Text>
          P
        </Text>
      </View>
      <View
        accessibilityState={
          {
            "busy": undefined,
            "checked": undefined,
            "disabled": undefined,
            "expanded": undefined,
            "selected": undefined,
          }
        }
        accessibilityValue={
          {
            "max": undefined,
            "min": undefined,
            "now": undefined,
            "text": undefined,
          }
        }
        accessible={true}
        collapsable={false}
        focusable={true}
        onClick={[Function]}
        onResponderGrant={[Function]}
        onResponderMove={[Function]}
        onResponderRelease={[Function]}
        onResponderTerminate={[Function]}
        onResponderTerminationRequest={[Function]}
        onStartShouldSetResponder={[Function]}
        style={
          {
            "alignItems": "center",
            "borderColor": "black",
            "borderRadius": 5,
            "borderWidth": 1,
            "height": 45,
            "justifyContent": "center",
            "marginRight": 20,
            "opacity": 1,
            "width": 45,
          }
        }
        testID="category-button-O"
      >
        <Text>
          O
        </Text>
      </View>
      <View
        accessibilityState={
          {
            "busy": undefined,
            "checked": undefined,
            "disabled": undefined,
            "expanded": undefined,
            "selected": undefined,
          }
        }
        accessibilityValue={
          {
            "max": undefined,
            "min": undefined,
            "now": undefined,
            "text": undefined,
          }
        }
        accessible={true}
        collapsable={false}
        focusable={true}
        onClick={[Function]}
        onResponderGrant={[Function]}
        onResponderMove={[Function]}
        onResponderRelease={[Function]}
        onResponderTerminate={[Function]}
        onResponderTerminationRequest={[Function]}
        onStartShouldSetResponder={[Function]}
        style={
          {
            "alignItems": "center",
            "borderColor": "black",
            "borderRadius": 5,
            "borderWidth": 1,
            "height": 45,
            "justifyContent": "center",
            "marginRight": 20,
            "opacity": 1,
            "width": 45,
          }
        }
        testID="category-button-R"
      >
        <Text>
          R
        </Text>
      </View>
      <View
        accessibilityState={
          {
            "busy": undefined,
            "checked": undefined,
            "disabled": undefined,
            "expanded": undefined,
            "selected": undefined,
          }
        }
        accessibilityValue={
          {
            "max": undefined,
            "min": undefined,
            "now": undefined,
            "text": undefined,
          }
        }
        accessible={true}
        collapsable={false}
        focusable={true}
        onClick={[Function]}
        onResponderGrant={[Function]}
        onResponderMove={[Function]}
        onResponderRelease={[Function]}
        onResponderTerminate={[Function]}
        onResponderTerminationRequest={[Function]}
        onStartShouldSetResponder={[Function]}
        style={
          {
            "alignItems": "center",
            "borderColor": "black",
            "borderRadius": 5,
            "borderWidth": 1,
            "height": 45,
            "justifyContent": "center",
            "marginRight": 20,
            "opacity": 1,
            "width": 45,
          }
        }
        testID="category-button-E"
      >
        <Text>
          E
        </Text>
      </View>
    </View>
    <Text
      style={
        {
          "fontSize": 30,
          "textAlign": "center",
        }
      }
    >
      Mock Question
    </Text>
    <View
      style={
        {
          "alignContent": "center",
          "flex": 1,
          "flexDirection": "row",
          "flexWrap": "wrap",
          "justifyContent": "center",
          "rowGap": 10,
        }
      }
    >
      <View
        accessibilityState={
          {
            "busy": undefined,
            "checked": undefined,
            "disabled": undefined,
            "expanded": undefined,
            "selected": undefined,
          }
        }
        accessibilityValue={
          {
            "max": undefined,
            "min": undefined,
            "now": undefined,
            "text": undefined,
          }
        }
        accessible={true}
        collapsable={false}
        focusable={true}
        onClick={[Function]}
        onResponderGrant={[Function]}
        onResponderMove={[Function]}
        onResponderRelease={[Function]}
        onResponderTerminate={[Function]}
        onResponderTerminationRequest={[Function]}
        onStartShouldSetResponder={[Function]}
        style={
          {
            "alignItems": "center",
            "borderColor": "black",
            "borderRadius": 5,
            "borderWidth": 1,
            "height": 45,
            "justifyContent": "center",
            "marginRight": 20,
            "opacity": 1,
            "width": 45,
          }
        }
        testID="category-button-S"
      >
        <Text>
          S
        </Text>
      </View>
      <View
        accessibilityState={
          {
            "busy": undefined,
            "checked": undefined,
            "disabled": undefined,
            "expanded": undefined,
            "selected": undefined,
          }
        }
        accessibilityValue={
          {
            "max": undefined,
            "min": undefined,
            "now": undefined,
            "text": undefined,
          }
        }
        accessible={true}
        collapsable={false}
        focusable={true}
        onClick={[Function]}
        onResponderGrant={[Function]}
        onResponderMove={[Function]}
        onResponderRelease={[Function]}
        onResponderTerminate={[Function]}
        onResponderTerminationRequest={[Function]}
        onStartShouldSetResponder={[Function]}
        style={
          {
            "alignItems": "center",
            "borderColor": "black",
            "borderRadius": 5,
            "borderWidth": 1,
            "height": 45,
            "justifyContent": "center",
            "marginRight": 20,
            "opacity": 1,
            "width": 45,
          }
        }
        testID="category-button-I"
      >
        <Text>
          I
        </Text>
      </View>
      <View
        accessibilityState={
          {
            "busy": undefined,
            "checked": undefined,
            "disabled": undefined,
            "expanded": undefined,
            "selected": undefined,
          }
        }
        accessibilityValue={
          {
            "max": undefined,
            "min": undefined,
            "now": undefined,
            "text": undefined,
          }
        }
        accessible={true}
        collapsable={false}
        focusable={true}
        onClick={[Function]}
        onResponderGrant={[Function]}
        onResponderMove={[Function]}
        onResponderRelease={[Function]}
        onResponderTerminate={[Function]}
        onResponderTerminationRequest={[Function]}
        onStartShouldSetResponder={[Function]}
        style={
          {
            "alignItems": "center",
            "borderColor": "black",
            "borderRadius": 5,
            "borderWidth": 1,
            "height": 45,
            "justifyContent": "center",
            "marginRight": 20,
            "opacity": 1,
            "width": 45,
          }
        }
        testID="category-button-N"
      >
        <Text>
          N
        </Text>
      </View>
      <View
        accessibilityState={
          {
            "busy": undefined,
            "checked": undefined,
            "disabled": undefined,
            "expanded": undefined,
            "selected": undefined,
          }
        }
        accessibilityValue={
          {
            "max": undefined,
            "min": undefined,
            "now": undefined,
            "text": undefined,
          }
        }
        accessible={true}
        collapsable={false}
        focusable={true}
        onClick={[Function]}
        onResponderGrant={[Function]}
        onResponderMove={[Function]}
        onResponderRelease={[Function]}
        onResponderTerminate={[Function]}
        onResponderTerminationRequest={[Function]}
        onStartShouldSetResponder={[Function]}
        style={
          {
            "alignItems": "center",
            "borderColor": "black",
            "borderRadius": 5,
            "borderWidth": 1,
            "height": 45,
            "justifyContent": "center",
            "marginRight": 20,
            "opacity": 1,
            "width": 45,
          }
        }
        testID="category-button-G"
      >
        <Text>
          G
        </Text>
      </View>
      <View
        accessibilityState={
          {
            "busy": undefined,
            "checked": undefined,
            "disabled": undefined,
            "expanded": undefined,
            "selected": undefined,
          }
        }
        accessibilityValue={
          {
            "max": undefined,
            "min": undefined,
            "now": undefined,
            "text": undefined,
          }
        }
        accessible={true}
        collapsable={false}
        focusable={true}
        onClick={[Function]}
        onResponderGrant={[Function]}
        onResponderMove={[Function]}
        onResponderRelease={[Function]}
        onResponderTerminate={[Function]}
        onResponderTerminationRequest={[Function]}
        onStartShouldSetResponder={[Function]}
        style={
          {
            "alignItems": "center",
            "borderColor": "black",
            "borderRadius": 5,
            "borderWidth": 1,
            "height": 45,
            "justifyContent": "center",
            "marginRight": 20,
            "opacity": 1,
            "width": 45,
          }
        }
        testID="category-button-A"
      >
        <Text>
          A
        </Text>
      </View>
      <View
        accessibilityState={
          {
            "busy": undefined,
            "checked": undefined,
            "disabled": undefined,
            "expanded": undefined,
            "selected": undefined,
          }
        }
        accessibilityValue={
          {
            "max": undefined,
            "min": undefined,
            "now": undefined,
            "text": undefined,
          }
        }
        accessible={true}
        collapsable={false}
        focusable={true}
        onClick={[Function]}
        onResponderGrant={[Function]}
        onResponderMove={[Function]}
        onResponderRelease={[Function]}
        onResponderTerminate={[Function]}
        onResponderTerminationRequest={[Function]}
        onStartShouldSetResponder={[Function]}
        style={
          {
            "alignItems": "center",
            "borderColor": "black",
            "borderRadius": 5,
            "borderWidth": 1,
            "height": 45,
            "justifyContent": "center",
            "marginRight": 20,
            "opacity": 1,
            "width": 45,
          }
        }
        testID="category-button-P"
      >
        <Text>
          P
        </Text>
      </View>
      <View
        accessibilityState={
          {
            "busy": undefined,
            "checked": undefined,
            "disabled": undefined,
            "expanded": undefined,
            "selected": undefined,
          }
        }
        accessibilityValue={
          {
            "max": undefined,
            "min": undefined,
            "now": undefined,
            "text": undefined,
          }
        }
        accessible={true}
        collapsable={false}
        focusable={true}
        onClick={[Function]}
        onResponderGrant={[Function]}
        onResponderMove={[Function]}
        onResponderRelease={[Function]}
        onResponderTerminate={[Function]}
        onResponderTerminationRequest={[Function]}
        onStartShouldSetResponder={[Function]}
        style={
          {
            "alignItems": "center",
            "borderColor": "black",
            "borderRadius": 5,
            "borderWidth": 1,
            "height": 45,
            "justifyContent": "center",
            "marginRight": 20,
            "opacity": 1,
            "width": 45,
          }
        }
        testID="category-button-O"
      >
        <Text>
          O
        </Text>
      </View>
      <View
        accessibilityState={
          {
            "busy": undefined,
            "checked": undefined,
            "disabled": undefined,
            "expanded": undefined,
            "selected": undefined,
          }
        }
        accessibilityValue={
          {
            "max": undefined,
            "min": undefined,
            "now": undefined,
            "text": undefined,
          }
        }
        accessible={true}
        collapsable={false}
        focusable={true}
        onClick={[Function]}
        onResponderGrant={[Function]}
        onResponderMove={[Function]}
        onResponderRelease={[Function]}
        onResponderTerminate={[Function]}
        onResponderTerminationRequest={[Function]}
        onStartShouldSetResponder={[Function]}
        style={
          {
            "alignItems": "center",
            "borderColor": "black",
            "borderRadius": 5,
            "borderWidth": 1,
            "height": 45,
            "justifyContent": "center",
            "marginRight": 20,
            "opacity": 1,
            "width": 45,
          }
        }
        testID="category-button-R"
      >
        <Text>
          R
        </Text>
      </View>
      <View
        accessibilityState={
          {
            "busy": undefined,
            "checked": undefined,
            "disabled": undefined,
            "expanded": undefined,
            "selected": undefined,
          }
        }
        accessibilityValue={
          {
            "max": undefined,
            "min": undefined,
            "now": undefined,
            "text": undefined,
          }
        }
        accessible={true}
        collapsable={false}
        focusable={true}
        onClick={[Function]}
        onResponderGrant={[Function]}
        onResponderMove={[Function]}
        onResponderRelease={[Function]}
        onResponderTerminate={[Function]}
        onResponderTerminationRequest={[Function]}
        onStartShouldSetResponder={[Function]}
        style={
          {
            "alignItems": "center",
            "borderColor": "black",
            "borderRadius": 5,
            "borderWidth": 1,
            "height": 45,
            "justifyContent": "center",
            "marginRight": 20,
            "opacity": 1,
            "width": 45,
          }
        }
        testID="category-button-E"
      >
        <Text>
          E
        </Text>
      </View>
    </View>
  </View>
  <View
    accessibilityState={
      {
        "busy": undefined,
        "checked": undefined,
        "disabled": undefined,
        "expanded": undefined,
        "selected": undefined,
      }
    }
    accessibilityValue={
      {
        "max": undefined,
        "min": undefined,
        "now": undefined,
        "text": undefined,
      }
    }
    accessible={true}
    collapsable={false}
    focusable={false}
    onClick={[Function]}
    onResponderGrant={[Function]}
    onResponderMove={[Function]}
    onResponderRelease={[Function]}
    onResponderTerminate={[Function]}
    onResponderTerminationRequest={[Function]}
    onStartShouldSetResponder={[Function]}
    style={
      {
        "alignItems": "center",
        "backgroundColor": "#f0cfcd",
        "borderColor": "#b88782",
        "borderRadius": 5,
        "borderWidth": 1,
        "height": 45,
        "justifyContent": "center",
        "opacity": 1,
      }
    }
    testID="category-button-Start"
  >
    <Text>
      Start
    </Text>
  </View>
</RCTSafeAreaView>
`;
